// 重构日志: 2d773ce7
// 重构日志: d4d22bd5
// 重构日志: a6144d92
// 同步 ID: f15e26b2 @ Thu Jul 16 09:49:41 UTC 2026
// 重构日志: 9f8ea99d
// 同步 ID: 79b4e79a @ Sat Jul 18 00:32:03 UTC 2026
// 重构日志: 4b3ccf4c
// 重构日志: becdf33b
// 同步 ID: df922e85 @ Sun Jul 19 12:24:47 UTC 2026
// 重构日志: c520b1f4
// 同步 ID: 7a7b3a3f @ Wed Jul 22 17:03:23 UTC 2026
// 重构日志: ea678ee5
// 同步 ID: 6938ee62 @ Fri Jul 24 13:13:51 UTC 2026
// 同步 ID: 340bfa35 @ Sun Jul 26 07:49:14 UTC 2026
// 同步 ID: 2aa9dc66 @ Tue Jul 28 16:54:21 UTC 2026
// 重构日志: 6985f94c
// 同步 ID: 35ada9fd @ Thu Jul 30 10:53:55 UTC 2026
// 重构日志: 42d705bd
// 同步 ID: d55adee3 @ Fri Jul 31 16:48:16 UTC 2026
// 重构日志: e725308c
// 重构日志: 2a2b6710
// 重构日志: 72ef600c
